<meta property="og:title" content="Intro">
<meta property="og:description" content="All about the intro.">
<meta property="og:locale" content="en">
<meta property="og:image" content="https://example.test/og.png">
<meta property="og:url" content="https://example.test/docs/guide/intro">
<meta property="og:site_name" content="Acme Docs">
<meta property="og:type" content="article">
<meta name="twitter:card" content="summary_large_image">
<meta name="twitter:image" content="https://example.test/og.png">
<meta name="twitter:title" content="Intro">
<meta name="twitter:description" content="All about the intro.">
<meta name="twitter:site" content="acmedocs">